// Vitest Snapshot v1, https://vitest.dev/guide/snapshot.html

exports[`parity snapshot — full breakdown frozen (human-verify vs live before committing) > breakdown shape is stable 1`] = `
[
  {
    "addon75Cost": 0,
    "addon75PackCost": 0,
    "adminFee": 150,
    "base": 700,
    "collectAccessCost": 0,
    "collectAccessM": 0,
    "collectFloor": "ground",
    "collectFloorCost": 0,
    "collectType": "house",
    "congestion": 0,
    "destAccessCost": 0,
    "destAccessM": 0,
    "destFloor": "ground",
    "destFloorCost": 0,
    "destType": "house",
    "discount": 0,
    "grandTotal": 850,
    "has75T": false,
    "mileageCost": null,
    "packCost": 0,
    "packing": "owner",
    "parking": 0,
    "sevenFiveT": 0,
    "subtotal": 850,
    "tolls": 0,
    "total": 850,
    "totalMiles": null,
    "transitCost": 0,
    "transitVans": 0,
    "vanCount": 1,
    "vatAmount": 0,
    "vatEnabled": false,
    "vehicle": "1luton",
  },
  {
    "addon75Cost": 0,
    "addon75PackCost": 0,
    "adminFee": 150,
    "base": 1200,
    "collectAccessCost": 0,
    "collectAccessM": 0,
    "collectFloor": "ground",
    "collectFloorCost": 0,
    "collectType": "house",
    "congestion": 0,
    "destAccessCost": 0,
    "destAccessM": 0,
    "destFloor": "ground",
    "destFloorCost": 0,
    "destType": "house",
    "discount": 0,
    "grandTotal": 2100,
    "has75T": false,
    "mileageCost": null,
    "packCost": 750,
    "packing": "full",
    "parking": 0,
    "sevenFiveT": 0,
    "subtotal": 2100,
    "tolls": 0,
    "total": 2100,
    "totalMiles": null,
    "transitCost": 0,
    "transitVans": 0,
    "vanCount": 2,
    "vatAmount": 0,
    "vatEnabled": false,
    "vehicle": "2luton",
  },
  {
    "addon75Cost": 1600,
    "addon75PackCost": 350,
    "adminFee": 150,
    "base": 1950,
    "collectAccessCost": 0,
    "collectAccessM": 0,
    "collectFloor": "ground",
    "collectFloorCost": 0,
    "collectType": "house",
    "congestion": 0,
    "destAccessCost": 0,
    "destAccessM": 0,
    "destFloor": "ground",
    "destFloorCost": 0,
    "destType": "house",
    "discount": 0,
    "grandTotal": 4500,
    "has75T": true,
    "mileageCost": null,
    "packCost": 450,
    "packing": "fragile",
    "parking": 0,
    "sevenFiveT": 1,
    "subtotal": 4500,
    "tolls": 0,
    "total": 4500,
    "totalMiles": null,
    "transitCost": 0,
    "transitVans": 0,
    "vanCount": 4,
    "vatAmount": 0,
    "vatEnabled": false,
    "vehicle": "3luton",
  },
  {
    "addon75Cost": 0,
    "addon75PackCost": 0,
    "adminFee": 150,
    "base": 700,
    "collectAccessCost": 0,
    "collectAccessM": 0,
    "collectFloor": "ground",
    "collectFloorCost": 0,
    "collectType": "house",
    "congestion": 0,
    "destAccessCost": 0,
    "destAccessM": 0,
    "destFloor": "ground",
    "destFloorCost": 0,
    "destType": "house",
    "discount": 0,
    "grandTotal": 930,
    "has75T": false,
    "mileageCost": 80,
    "packCost": 0,
    "packing": "owner",
    "parking": 0,
    "sevenFiveT": 0,
    "subtotal": 930,
    "tolls": 0,
    "total": 930,
    "totalMiles": 40,
    "transitCost": 0,
    "transitVans": 0,
    "vanCount": 1,
    "vatAmount": 0,
    "vatEnabled": false,
    "vehicle": "1luton",
  },
  {
    "addon75Cost": 0,
    "addon75PackCost": 0,
    "adminFee": 150,
    "base": 700,
    "collectAccessCost": 0,
    "collectAccessM": 0,
    "collectFloor": "3rd",
    "collectFloorCost": 250,
    "collectType": "flat",
    "congestion": 0,
    "destAccessCost": 0,
    "destAccessM": 0,
    "destFloor": "1st",
    "destFloorCost": 75,
    "destType": "flat",
    "discount": 0,
    "grandTotal": 1175,
    "has75T": false,
    "mileageCost": null,
    "packCost": 0,
    "packing": "owner",
    "parking": 0,
    "sevenFiveT": 0,
    "subtotal": 1175,
    "tolls": 0,
    "total": 1175,
    "totalMiles": null,
    "transitCost": 0,
    "transitVans": 0,
    "vanCount": 1,
    "vatAmount": 0,
    "vatEnabled": false,
    "vehicle": "1luton",
  },
  {
    "addon75Cost": 0,
    "addon75PackCost": 0,
    "adminFee": 150,
    "base": 700,
    "collectAccessCost": 100,
    "collectAccessM": 12,
    "collectFloor": "ground",
    "collectFloorCost": 0,
    "collectType": "house",
    "congestion": 20,
    "destAccessCost": 300,
    "destAccessM": 28,
    "destFloor": "ground",
    "destFloorCost": 0,
    "destType": "house",
    "discount": 0,
    "grandTotal": 1270,
    "has75T": false,
    "mileageCost": null,
    "packCost": 0,
    "packing": "owner",
    "parking": 0,
    "sevenFiveT": 0,
    "subtotal": 1270,
    "tolls": 0,
    "total": 1270,
    "totalMiles": null,
    "transitCost": 0,
    "transitVans": 0,
    "vanCount": 1,
    "vatAmount": 0,
    "vatEnabled": false,
    "vehicle": "1luton",
  },
  {
    "addon75Cost": 1600,
    "addon75PackCost": 0,
    "adminFee": 150,
    "base": 1200,
    "collectAccessCost": 0,
    "collectAccessM": 0,
    "collectFloor": "ground",
    "collectFloorCost": 0,
    "collectType": "house",
    "congestion": 0,
    "destAccessCost": 0,
    "destAccessM": 0,
    "destFloor": "ground",
    "destFloorCost": 0,
    "destType": "house",
    "discount": 200,
    "grandTotal": 3300,
    "has75T": true,
    "mileageCost": null,
    "packCost": 0,
    "packing": "owner",
    "parking": 0,
    "sevenFiveT": 1,
    "subtotal": 2950,
    "tolls": 0,
    "total": 2750,
    "totalMiles": null,
    "transitCost": 0,
    "transitVans": 0,
    "vanCount": 3,
    "vatAmount": 550,
    "vatEnabled": true,
    "vehicle": "2luton",
  },
  {
    "addon75Cost": 0,
    "addon75PackCost": 0,
    "adminFee": 150,
    "base": 700,
    "collectAccessCost": 0,
    "collectAccessM": 0,
    "collectFloor": "ground",
    "collectFloorCost": 0,
    "collectType": "house",
    "congestion": 0,
    "destAccessCost": 0,
    "destAccessM": 0,
    "destFloor": "ground",
    "destFloorCost": 0,
    "destType": "house",
    "discount": 50,
    "grandTotal": 819,
    "has75T": false,
    "mileageCost": null,
    "packCost": 0,
    "packing": "owner",
    "parking": 6.5,
    "sevenFiveT": 0,
    "subtotal": 869,
    "tolls": 12.5,
    "total": 819,
    "totalMiles": null,
    "transitCost": 0,
    "transitVans": 0,
    "vanCount": 1,
    "vatAmount": 0,
    "vatEnabled": false,
    "vehicle": "1luton",
  },
]
`;
